[www.ieeefcih.com/index.html]
[backblue.gif]
[fade.gif]
[index.html]
[www.ieeefcih.com/static/img/icon.c48851bf9a8f.png]
[www.ieeefcih.com/static/css/output.fecf79ed5575.css]
[www.ieeefcih.com/static/css/ani.941d56f5d34f.css]
[www.ieeefcih.com/static/css/animate.min.201217c17c7f.css]
[www.ieeefcih.com/static/js/lib/flowbite.e3ca721ab885.js]
[www.ieeefcih.com/static/fonts/Futura Bk BT Book.cc84650569fd.ttf]
[www.ieeefcih.com/static/fonts/AstroSpace-eZ2Bg.5892adccd6c4.ttf]
[www.ieeefcih.com/static/fonts/Product Sans Regular.eae9c18cee82.ttf]
[www.ieeefcih.com/static/img/tp/highboard.ae90ace81a92.jpg]
[www.ieeefcih.com/static/img/events/events_background.80b2cf572860.svg]
[www.ieeefcih.com/static/img/i13_Upgrade.73585671a905.jpg]
[www.ieeefcih.com/articles/index.html]
[www.ieeefcih.com/events/index.html]
[www.ieeefcih.com/competitions/index.html]
[www.ieeefcih.com/projects/index.html]
[www.ieeefcih.com/static/img/Event mock.4cf32b489752.jpg]
[www.ieeefcih.com/static/img/tp/1.b9cf55e90f88.png]
[www.ieeefcih.com/static/img/tp/5.cdcf60c35e02.png]
[www.ieeefcih.com/magazine/index.html]
[www.ieeefcih.com/static/img/tp/3.ca047b07135e.png]
[www.ieeefcih.com/static/img/tp/Nada.81219d51f860.png]
[www.ieeefcih.com/static/img/tp/Amro Ghoneim.27cebe2426b5.png]
[www.ieeefcih.com/static/img/home/Assets/Asset 7.b38a1eb7fe1e.png]
[www.ieeefcih.com/static/img/home/Assets/Asset 4.7aa8d0b90fb1.png]
[www.ieeefcih.com/static/img/home/Assets/Asset 5.fec017474dd2.png]
[www.ieeefcih.com/static/img/home/Assets/Asset 3.81b24bb74d42.png]
[www.ieeefcih.com/static/img/home/Assets/Asset 1.6c34378785eb.png]
[www.ieeefcih.com/static/img/home/Assets/Asset 6.5662e11af65f.png]
[www.ieeefcih.com/static/img/home/Assets/Asset 2.75cf8112d1a2.png]
[www.ieeefcih.com/static/img/tp/Part.666e328b3e42.png]
[www.ieeefcih.com/static/img/sponsors/ieee.6f1dd5b41da8.png]
[www.ieeefcih.com/static/js/lib/anijs.b12c762b76ac.js]
[www.ieeefcih.com/static/js/lib/anijs-helper-scrollreveal.5c9be3472e47.js]
[www.ieeefcih.com/static/js/index.cff3aed99bad.js]
[www.ieeefcih.com/index.html]
[www.ieeefcih.com/static/css/events.9291bfa73e9a.css]
[ieeefcih.s3.amazonaws.com/core/static/img/events/ABD_0195bc75.jpg]
[ieeefcih.s3.amazonaws.com/core/static/img/events/i13_Upgrade0b5a.jpg]
[ieeefcih.s3.amazonaws.com/core/static/img/events/DSC_0132.JPG1079.png]
[ieeefcih.s3.amazonaws.com/core/static/img/events/received_10153993576721586_1ae49.jpg]
[ieeefcih.s3.amazonaws.com/core/static/img/events/PicsArt_04-28-07.54.27e17a.jpg]
[ieeefcih.s3.amazonaws.com/core/static/img/events/PicsArt_04-28-07.57.348145.jpg]
[ieeefcih.s3.amazonaws.com/core/static/img/events/Kidsware_comp_IVV9zQ1efc9.jpg]
[ieeefcih.s3.amazonaws.com/core/static/img/events/PicsArt_04-28-08.02.106013.jpg]
[ieeefcih.s3.amazonaws.com/core/static/img/events/i12_ProjectsDayb288.jpg]
[ieeefcih.s3.amazonaws.com/core/static/img/events/PowerHour_lzfXo9Vf506.jpg]
[ieeefcih.s3.amazonaws.com/core/static/img/events/e8493d82686261.5d251d2fe056a1e9c.jpg]
[ieeefcih.s3.amazonaws.com/core/static/img/events/PicsArt_04-28-08.11.248f52.jpg]
[ieeefcih.s3.amazonaws.com/core/static/img/events/i03_BuildYourCareercd78.jpg]
[www.ieeefcih.com/events/index.html]
[ieeefcih.s3.amazonaws.com/core/static/img/articles/Space_Junk_zvttbSR8bcf.png]
[ieeefcih.s3.amazonaws.com/core/static/img/articles/ict_3d_printing_molecules4770.png]
[www.ieeefcih.com/articles/10/index.html]
[www.ieeefcih.com/articles/11/index.html]
[ieeefcih.s3.amazonaws.com/core/static/img/articles/Scented_video_games16d0.png]
[www.ieeefcih.com/articles/20/index.html]
[www.ieeefcih.com/articles/14/index.html]
[ieeefcih.s3.amazonaws.com/core/static/img/articles/self-healing_batteries3ec0.png]
[www.ieeefcih.com/articles/18/index.html]
[ieeefcih.s3.amazonaws.com/core/static/img/articles/Tech___Sports7ef6.png]
[www.ieeefcih.com/articles/19/index.html]
[ieeefcih.s3.amazonaws.com/core/static/img/articles/Mindsets8cc9.png]
[www.ieeefcih.com/articles/16/index.html]
[ieeefcih.s3.amazonaws.com/core/static/img/articles/vrbbd7.jpg]
[ieeefcih.s3.amazonaws.com/core/static/img/articles/Artboard_5a748.png]
[www.ieeefcih.com/articles/22/index.html]
[www.ieeefcih.com/articles/6/index.html]
[ieeefcih.s3.amazonaws.com/core/static/img/articles/7_cups0df1.png]
[www.ieeefcih.com/articles/23/index.html]
[ieeefcih.s3.amazonaws.com/core/static/img/articles/google_depression_test694a.png]
[www.ieeefcih.com/articles/24/index.html]
[ieeefcih.s3.amazonaws.com/core/static/img/articles/20min_treatment_for_suicidee012.png]
[www.ieeefcih.com/articles/4/index.html]
[ieeefcih.s3.amazonaws.com/core/static/img/articles/WhatsApp_Image_2022-04-06_at_7.48.23_PMc7e2.jpg]
[www.ieeefcih.com/articles/2/index.html]
[ieeefcih.s3.amazonaws.com/core/static/img/articles/WhatsApp_Image_2022-04-07_at_2.35.56_AM0938.jpg]
[ieeefcih.s3.amazonaws.com/core/static/img/articles/a50a.jpg]
[www.ieeefcih.com/articles/15/index.html]
[www.ieeefcih.com/articles/13/index.html]
[ieeefcih.s3.amazonaws.com/core/static/img/articles/Drugs___AI1ceb.jpg]
[www.ieeefcih.com/articles/17/index.html]
[ieeefcih.s3.amazonaws.com/core/static/img/articles/Larry_Ellison0534.png]
[www.ieeefcih.com/articles/21/index.html]
[ieeefcih.s3.amazonaws.com/core/static/img/articles/Adel_Shaban3200.png]
[www.ieeefcih.com/articles/index.html]
[ieeefcih.s3.amazonaws.com/core/static/img/projects/FishWarf54e.png]
[ieeefcih.s3.amazonaws.com/core/static/img/projects/WhatsApp_Image_2022-05-04_at_7.07.06_AM5267.jpg]
[ieeefcih.s3.amazonaws.com/core/static/img/projects/Game16568.png]
[ieeefcih.s3.amazonaws.com/core/static/img/projects/Game1_FcJrNXUa20e.png]
[ieeefcih.s3.amazonaws.com/core/static/img/projects/Game7f26.png]
[ieeefcih.s3.amazonaws.com/core/static/img/projects/omarde78.png]
[www.ieeefcih.com/projects/index.html]
[www.ieeefcih.com/static/css/competitions.1c050808395f.css]
[ieeefcih.s3.amazonaws.com/core/static/img/competitions/705d3.jpg]
[ieeefcih.s3.amazonaws.com/core/static/img/competitions/WhatsApp_Image_2022-04-02_at_12.20.20_PM07af.jpg]
[ieeefcih.s3.amazonaws.com/core/static/img/competitions/10550995_10152344985754952_1885125500507605523_n398e.jpg]
[www.ieeefcih.com/competitions/index.html]
[www.ieeefcih.com/magazine/index.html]
[ieeefcih.s3.amazonaws.com/core/static/img/articles/Space_Junk_zvttbSRdb4b.png]
[www.ieeefcih.com/static/img/default.f95b31b8b000.jpg]
[www.ieeefcih.com/articles/10/index.html]
[www.ieeefcih.com/author/8.html]
[ieeefcih.s3.amazonaws.com/core/static/img/articles/ict_3d_printing_moleculese19b.png]
[www.ieeefcih.com/articles/11/index.html]
[www.ieeefcih.com/author/4.html]
[ieeefcih.s3.amazonaws.com/core/static/img/articles/Scented_video_gamese787.png]
[www.ieeefcih.com/articles/20/index.html]
[ieeefcih.s3.amazonaws.com/core/static/img/articles/self-healing_batteries8dce.png]
[www.ieeefcih.com/articles/14/index.html]
[ieeefcih.s3.amazonaws.com/core/static/img/articles/Tech___Sportsbb36.png]
[www.ieeefcih.com/articles/18/index.html]
[www.ieeefcih.com/author/5.html]
[ieeefcih.s3.amazonaws.com/core/static/img/articles/Mindsets52b1.png]
[www.ieeefcih.com/articles/19/index.html]
[www.ieeefcih.com/author/7.html]
[www.ieeefcih.com/articles/16/index.html]
[ieeefcih.s3.amazonaws.com/core/static/img/articles/vrcbdf.jpg]
[ieeefcih.s3.amazonaws.com/core/static/img/articles/Artboard_5fae5.png]
[www.ieeefcih.com/articles/6/index.html]
[www.ieeefcih.com/author/6.html]
[ieeefcih.s3.amazonaws.com/core/static/img/articles/7_cups6050.png]
[www.ieeefcih.com/articles/22/index.html]
[www.ieeefcih.com/articles/23/index.html]
[ieeefcih.s3.amazonaws.com/core/static/img/articles/google_depression_testf300.png]
[ieeefcih.s3.amazonaws.com/core/static/img/articles/20min_treatment_for_suicidea334.png]
[www.ieeefcih.com/articles/24/index.html]
[www.ieeefcih.com/articles/4/index.html]
[ieeefcih.s3.amazonaws.com/core/static/img/articles/WhatsApp_Image_2022-04-06_at_7.48.23_PM349d.jpg]
[ieeefcih.s3.amazonaws.com/core/static/img/articles/WhatsApp_Image_2022-04-07_at_2.35.56_AM4df5.jpg]
[www.ieeefcih.com/articles/2/index.html]
[ieeefcih.s3.amazonaws.com/core/static/img/articles/6e40.jpg]
[www.ieeefcih.com/articles/15/index.html]
[www.ieeefcih.com/articles/13/index.html]
[ieeefcih.s3.amazonaws.com/core/static/img/articles/Drugs___AI3867.jpg]
[ieeefcih.s3.amazonaws.com/core/static/img/articles/Larry_Ellison25f1.png]
[www.ieeefcih.com/articles/17/index.html]
[ieeefcih.s3.amazonaws.com/core/static/img/articles/Adel_Shaban7923.png]
[www.ieeefcih.com/articles/21/index.html]
[ieeefcih.s3.amazonaws.com/core/static/img/articles/Space_Junk_zvttbSR4e77.png]
[www.ieeefcih.com/author/8.html]
[ieeefcih.s3.amazonaws.com/core/static/img/articles/Adel_Shaban2f47.png]
[ieeefcih.s3.amazonaws.com/core/static/img/articles/WhatsApp_Image_2022-04-06_at_7.48.23_PMc09e.jpg]
[ieeefcih.s3.amazonaws.com/core/static/img/articles/WhatsApp_Image_2022-04-07_at_2.35.56_AMc640.jpg]
[ieeefcih.s3.amazonaws.com/core/static/img/articles/ict_3d_printing_molecules7e1a.png]
[ieeefcih.s3.amazonaws.com/core/static/img/articles/Scented_video_games20a9.png]
[ieeefcih.s3.amazonaws.com/core/static/img/articles/self-healing_batteries0c90.png]
[ieeefcih.s3.amazonaws.com/core/static/img/articles/06ba.jpg]
[ieeefcih.s3.amazonaws.com/core/static/img/articles/vrc38d.jpg]
[ieeefcih.s3.amazonaws.com/core/static/img/articles/Larry_Ellisonf990.png]
[ieeefcih.s3.amazonaws.com/core/static/img/articles/Drugs___AId6a6.jpg]
[www.ieeefcih.com/author/4.html]
[ieeefcih.s3.amazonaws.com/core/static/img/articles/Tech___Sportsf2a6.png]
[www.ieeefcih.com/author/5.html]
[ieeefcih.s3.amazonaws.com/core/static/img/articles/Mindsets6e09.png]
[www.ieeefcih.com/author/7.html]
[ieeefcih.s3.amazonaws.com/core/static/img/articles/Artboard_582a4.png]
[ieeefcih.s3.amazonaws.com/core/static/img/articles/7_cups3ecf.png]
[ieeefcih.s3.amazonaws.com/core/static/img/articles/google_depression_testab02.png]
[ieeefcih.s3.amazonaws.com/core/static/img/articles/20min_treatment_for_suicide600a.png]
[www.ieeefcih.com/author/6.html]
[www.ieeefcih.com/static/img/tp/highboard.ae90ace81a92.jpg]
[www.ieeefcih.com/static/img/i13_Upgrade.73585671a905.jpg]
[www.ieeefcih.com/static/img/Event mock.4cf32b489752.jpg]
[www.ieeefcih.com/static/img/tp/1.b9cf55e90f88.png]
[www.ieeefcih.com/static/css/output.fecf79ed5575.css]
[www.ieeefcih.com/static/img/tp/5.cdcf60c35e02.png]
[www.ieeefcih.com/static/img/tp/3.ca047b07135e.png]
[www.ieeefcih.com/static/img/tp/Amro Ghoneim.27cebe2426b5.png]
[www.ieeefcih.com/static/css/ani.941d56f5d34f.css]
[www.ieeefcih.com/static/css/animate.min.201217c17c7f.css]
[www.ieeefcih.com/static/img/tp/Part.666e328b3e42.png]
[www.ieeefcih.com/static/img/events/events_background.80b2cf572860.svg]
[www.ieeefcih.com/static/css/events.9291bfa73e9a.css]
[www.ieeefcih.com/static/fonts/AstroSpace-eZ2Bg.5892adccd6c4.ttf]
[www.ieeefcih.com/static/css/competitions.1c050808395f.css]
[www.ieeefcih.com/articles/10/index.html]
[www.ieeefcih.com/articles/11/index.html]
[www.ieeefcih.com/articles/20/index.html]
[www.ieeefcih.com/articles/18/index.html]
[www.ieeefcih.com/articles/19/index.html]
[www.ieeefcih.com/articles/16/index.html]
[www.ieeefcih.com/articles/6/index.html]
[www.ieeefcih.com/articles/23/index.html]
[www.ieeefcih.com/articles/24/index.html]
[www.ieeefcih.com/articles/4/index.html]
[www.ieeefcih.com/articles/2/index.html]
[www.ieeefcih.com/articles/15/index.html]
[www.ieeefcih.com/articles/17/index.html]
[www.ieeefcih.com/articles/21/index.html]
[www.ieeefcih.com/author/4.html]
[www.ieeefcih.com/author/5.html]
[www.ieeefcih.com/author/7.html]
[www.ieeefcih.com/author/6.html]
